Microchip MPLAB XC8 Compiler V1.34 ()

Linker command line:

--edf=C:\Program Files (x86)\Microchip\xc8\v1.34\dat\en_msgs.txt -cs \
  -h+dist/default/production\PR9A.X.production.sym \
  --cmf=dist/default/production\PR9A.X.production.cmf -z -Q16F877A \
  -oC:\Users\TRAINE~1\AppData\Local\Temp\s5kg.6 \
  -Mdist/default/production/PR9A.X.production.map -E1 -ver=XC8 \
  -ASTACK=0110h-016fh -pstack=STACK -ACODE=00h-07FFhx4 -ASTRCODE=00h-01FFFh \
  -ASTRING=00h-0FFhx32 -ACONST=00h-0FFhx32 -AENTRY=00h-0FFhx32 \
  -ACOMMON=070h-07Fh -ABANK0=020h-06Fh -ABANK1=0A0h-0EFh \
  -ABANK2=0110h-016Fh -ABANK3=0190h-01EFh \
  -ARAM=020h-06Fh,0A0h-0EFh,0110h-016Fh,0190h-01EFh \
  -AABS1=020h-07Fh,0A0h-0EFh,0110h-016Fh,0190h-01EFh -ASFR0=00h-01Fh \
  -ASFR1=080h-09Fh -ASFR2=0100h-010Fh -ASFR3=0180h-018Fh \
  -preset_vec=00h,intentry,init,end_init -ppowerup=CODE -pcinit=CODE \
  -pfunctab=CODE -ACONFIG=02007h-02007h -pconfig=CONFIG -DCONFIG=2 \
  -AIDLOC=02000h-02003h -pidloc=IDLOC -DIDLOC=2 -AEEDATA=00h-0FFh/02100h \
  -peeprom_data=EEDATA -DEEDATA=2 -DCODE=2 -DSTRCODE=2 -DSTRING=2 -DCONST=2 \
  -DENTRY=2 -k C:\Users\TRAINE~1\AppData\Local\Temp\s5kg.obj \
  dist/default/production\PR9A.X.production.obj 

Object code version is 3.11

Machine type is 16F877A



                Name                               Link     Load   Length Selector   Space Scale
C:\Users\TRAINE~1\AppData\Local\Temp\s5kg.obj
                end_init                              0        0        3        0       0
                config                             2007     2007        1     400E       0
dist/default/production\PR9A.X.production.obj
                cinit                               7D3      7D3       2D      FA6       0
                text17                              51E      51E       23      A3C       0
                text16                              477      477       12      8EE       0
                text15                              566      566       32      ACC       0
                text14                              45B      45B        7      8B6       0
                text13                              462      462        7      8C4       0
                text12                              469      469        7      8D2       0
                text11                              470      470        7      8E0       0
                text10                              4DF      4DF       1F      9BE       0
                text9                               4B1      4B1       17      962       0
                text8                               489      489       12      912       0
                text7                               49B      49B       16      936       0
                text6                               4C8      4C8       17      990       0
                text5                               541      541       25      A82       0
                text4                               5E0      5E0       8E      BC0       0
                text3                               66E      66E       8E      CDC       0
                text2                               598      598       48      B30       0
                text1                               4FE      4FE       20      9FC       0
                maintext                            6FC      6FC       D7      DF8       0
                cstackCOMMON                         70       70        C       70       1
                dataBANK0                            26       26        6       20       1
                bssBANK0                             20       20        6       20       1
                bssCOMMON                            7C       7C        1       70       1
                strings                               3        3       34        6       0
                idataBANK0                          455      455        6      8AA       0

TOTAL           Name                               Link     Load   Length     Space
        CLASS   STACK          

        CLASS   CODE           
                end_init                              0        0        3         0
                cinit                               7D3      7D3       2D         0
                text17                              51E      51E       23         0
                text16                              477      477       12         0
                text15                              566      566       32         0
                text14                              45B      45B        7         0
                text13                              462      462        7         0
                text12                              469      469        7         0
                text11                              470      470        7         0
                text10                              4DF      4DF       1F         0
                text9                               4B1      4B1       17         0
                text8                               489      489       12         0
                text7                               49B      49B       16         0
                text6                               4C8      4C8       17         0
                text5                               541      541       25         0
                text4                               5E0      5E0       8E         0
                text3                               66E      66E       8E         0
                text2                               598      598       48         0
                text1                               4FE      4FE       20         0
                maintext                            6FC      6FC       D7         0
                idataBANK0                          455      455        6         0

        CLASS   STRCODE        

        CLASS   STRING         
                strings                               3        3       34         0

        CLASS   CONST          

        CLASS   ENTRY          

        CLASS   COMMON         
                cstackCOMMON                         70       70        C         1
                bssCOMMON                            7C       7C        1         1

        CLASS   BANK0          
                dataBANK0                            26       26        6         1
                bssBANK0                             20       20        6         1

        CLASS   BANK1          

        CLASS   BANK2          

        CLASS   BANK3          

        CLASS   RAM            

        CLASS   ABS1           
                abs_s1                               7E       7E        2         1

        CLASS   SFR0           

        CLASS   SFR1           

        CLASS   SFR2           

        CLASS   SFR3           

        CLASS   CONFIG         
                config                             2007     2007        1         0

        CLASS   IDLOC          

        CLASS   EEDATA         



SEGMENTS        Name                           Load    Length   Top    Selector   Space  Class     Delta

                reset_vec                      000000  000003  000003         0       0  CODE        2
                strings                        000003  000034  000037         6       0  STRING      2
                bssBANK0                       000020  00000C  00002C        20       1  BANK0       1
                cstackCOMMON                   000070  00000D  00007D        70       1  COMMON      1
                idataBANK0                     000455  000006  00045B       8AA       0  CODE        2
                text14                         00045B  000007  000462       8B6       0  CODE        2
                text13                         000462  000007  000469       8C4       0  CODE        2
                text12                         000469  000007  000470       8D2       0  CODE        2
                text11                         000470  000007  000477       8E0       0  CODE        2
                text16                         000477  000012  000489       8EE       0  CODE        2
                text8                          000489  000012  00049B       912       0  CODE        2
                text7                          00049B  000016  0004B1       936       0  CODE        2
                text9                          0004B1  000017  0004C8       962       0  CODE        2
                text6                          0004C8  000017  0004DF       990       0  CODE        2
                text10                         0004DF  00001F  0004FE       9BE       0  CODE        2
                text1                          0004FE  000020  00051E       9FC       0  CODE        2
                text17                         00051E  000023  000541       A3C       0  CODE        2
                text5                          000541  000025  000566       A82       0  CODE        2
                text15                         000566  000032  000598       ACC       0  CODE        2
                text2                          000598  000048  0005E0       B30       0  CODE        2
                text4                          0005E0  00008E  00066E       BC0       0  CODE        2
                text3                          00066E  00008E  0006FC       CDC       0  CODE        2
                maintext                       0006FC  0000D7  0007D3       DF8       0  CODE        2
                cinit                          0007D3  00002D  000800       FA6       0  CODE        2
                config                         002007  000001  002008      400E       0  CONFIG      2


UNUSED ADDRESS RANGES

        Name                Unused          Largest block    Delta
        BANK0            002C-006F             44           1
        BANK1            00A0-00EF             50           1
        BANK2            0110-016F             60           1
        BANK3            0190-01EF             60           1
        CODE             0037-0454            41E           2
                         0800-1FFF            800
        COMMON           007D-007D              1           1
        CONST            0037-0454            100           2
                         0800-1FFF            100
        EEDATA           2100-21FF            100           2
        ENTRY            0037-0454            100           2
                         0800-1FFF            100
        IDLOC            2000-2003              4           2
        RAM              002C-006F             44           1
                         00A0-00EF             50
                         0110-016F             60
                         0190-01EF             60
        SFR0             0000-001F             20           1
        SFR1             0080-009F             20           1
        SFR2             0100-010F             10           1
        SFR3             0180-018F             10           1
        STACK            0110-016F             60           1
        STRCODE          0037-0454            41E           2
                         0800-1FFF           1800
        STRING           0037-0454            100           2
                         0800-1FFF            100

                                  Symbol Table

_ADCON1                  (abs)        009F
_PORTC                   (abs)        0007
_PORTD                   (abs)        0008
_RA0                     (abs)        0028
_RA1                     (abs)        0029
_RA2                     (abs)        002A
_RA3                     (abs)        002B
_RA4                     (abs)        002C
_RA5                     (abs)        002D
_RB1                     (abs)        0031
_RB2                     (abs)        0032
_RC0                     (abs)        0038
_RC1                     (abs)        0039
_RC2                     (abs)        003A
_RC3                     (abs)        003B
_RE0                     (abs)        0048
_RE1                     (abs)        0049
_TRISA                   (abs)        0085
_TRISB                   (abs)        0086
_TRISC                   (abs)        0087
_TRISD                   (abs)        0088
_TRISE                   (abs)        0089
__CFG_BOREN$OFF          (abs)        0000
__CFG_CP$OFF             (abs)        0000
__CFG_CPD$OFF            (abs)        0000
__CFG_DEBUG$OFF          (abs)        0000
__CFG_FOSC$HS            (abs)        0000
__CFG_LVP$OFF            (abs)        0000
__CFG_PWRTE$ON           (abs)        0000
__CFG_WDTE$OFF           (abs)        0000
__CFG_WRT$OFF            (abs)        0000
__Habs1                  abs1         0000
__Hbank0                 bank0        0000
__Hbank1                 bank1        0000
__Hbank2                 bank2        0000
__Hbank3                 bank3        0000
__HbssBANK0              bssBANK0     0000
__HbssCOMMON             bssCOMMON    0000
__Hcinit                 cinit        0800
__Hclrtext               clrtext      0000
__Hcode                  code         0000
__Hcommon                common       0000
__Hconfig                config       2008
__HcstackCOMMON          cstackCOMMON 0000
__HdataBANK0             dataBANK0    0000
__Heeprom_data           eeprom_data  0000
__Hend_init              end_init     0003
__Hfunctab               functab      0000
__HidataBANK0            idataBANK0   0000
__Hidloc                 idloc        0000
__Hinit                  init         0000
__Hintentry              intentry     0000
__Hmaintext              maintext     0000
__Hpowerup               powerup      0000
__Hram                   ram          0000
__Hreset_vec             reset_vec    0000
__Hsfr0                  sfr0         0000
__Hsfr1                  sfr1         0000
__Hsfr2                  sfr2         0000
__Hsfr3                  sfr3         0000
__Hspace_0               (abs)        2008
__Hspace_1               (abs)        007D
__Hspace_2               (abs)        0000
__Hspace_3               (abs)        0000
__Hstack                 stack        0000
__Hstrings               strings      0000
__Htext                  text         0000
__Labs1                  abs1         0000
__Lbank0                 bank0        0000
__Lbank1                 bank1        0000
__Lbank2                 bank2        0000
__Lbank3                 bank3        0000
__LbssBANK0              bssBANK0     0000
__LbssCOMMON             bssCOMMON    0000
__Lcinit                 cinit        07D3
__Lclrtext               clrtext      0000
__Lcode                  code         0000
__Lcommon                common       0000
__Lconfig                config       2007
__LcstackCOMMON          cstackCOMMON 0000
__LdataBANK0             dataBANK0    0000
__Leeprom_data           eeprom_data  0000
__Lend_init              end_init     0000
__Lfunctab               functab      0000
__LidataBANK0            idataBANK0   0000
__Lidloc                 idloc        0000
__Linit                  init         0000
__Lintentry              intentry     0000
__Lmaintext              maintext     0000
__Lpowerup               powerup      0000
__Lram                   ram          0000
__Lreset_vec             reset_vec    0000
__Lsfr0                  sfr0         0000
__Lsfr1                  sfr1         0000
__Lsfr2                  sfr2         0000
__Lsfr3                  sfr3         0000
__Lspace_0               (abs)        0000
__Lspace_1               (abs)        0000
__Lspace_2               (abs)        0000
__Lspace_3               (abs)        0000
__Lstack                 stack        0000
__Lstrings               strings      0000
__Ltext                  text         0000
__S0                     (abs)        2008
__S1                     (abs)        007D
__S2                     (abs)        0000
__S3                     (abs)        0000
___int_sp                stack        0000
___latbits               (abs)        0002
___sp                    stack        0000
__end_of__initialization cinit        07FC
__end_of__stringtab      strings      0009
__end_of_beep_once       text16       0489
__end_of_beep_twice      text15       0598
__end_of_clearcolumn1    text14       0462
__end_of_clearcolumn2    text13       0469
__end_of_clearcolumn3    text12       0470
__end_of_clearcolumn4    text11       0477
__end_of_delay           text17       0541
__end_of_e_pulse         text10       04FE
__end_of_lcd_clr         text8        049B
__end_of_lcd_goto        text7        04B1
__end_of_main            maintext     07D3
__end_of_scanrow1        text5        0566
__end_of_scanrow2        text4        066E
__end_of_scanrow3        text3        06FC
__end_of_scanrow4        text2        05E0
__end_of_send_char       text6        04DF
__end_of_send_config     text9        04C8
__end_of_send_string     text1        051E
__initialization         cinit        07D3
__pbssBANK0              bssBANK0     0020
__pbssCOMMON             bssCOMMON    007C
__pcstackCOMMON          cstackCOMMON 0070
__pdataBANK0             dataBANK0    0026
__pidataBANK0            idataBANK0   0455
__pmaintext              maintext     06FC
__pstrings               strings      0003
__ptext1                 text1        04FE
__ptext10                text10       04DF
__ptext11                text11       0470
__ptext12                text12       0469
__ptext13                text13       0462
__ptext14                text14       045B
__ptext15                text15       0566
__ptext16                text16       0477
__ptext17                text17       051E
__ptext2                 text2        0598
__ptext3                 text3        066E
__ptext4                 text4        05E0
__ptext5                 text5        0541
__ptext6                 text6        04C8
__ptext7                 text7        049B
__ptext8                 text8        0489
__ptext9                 text9        04B1
__size_of_beep_once      (abs)        0000
__size_of_beep_twice     (abs)        0000
__size_of_clearcolumn1   (abs)        0000
__size_of_clearcolumn2   (abs)        0000
__size_of_clearcolumn3   (abs)        0000
__size_of_clearcolumn4   (abs)        0000
__size_of_delay          (abs)        0000
__size_of_e_pulse        (abs)        0000
__size_of_lcd_clr        (abs)        0000
__size_of_lcd_goto       (abs)        0000
__size_of_main           (abs)        0000
__size_of_scanrow1       (abs)        0000
__size_of_scanrow2       (abs)        0000
__size_of_scanrow3       (abs)        0000
__size_of_scanrow4       (abs)        0000
__size_of_send_char      (abs)        0000
__size_of_send_config    (abs)        0000
__size_of_send_string    (abs)        0000
__stringbase             strings      0008
__stringtab              strings      0003
_beep_once               text16       0477
_beep_twice              text15       0566
_clearcolumn1            text14       045B
_clearcolumn2            text13       0462
_clearcolumn3            text12       0469
_clearcolumn4            text11       0470
_delay                   text17       051E
_e_pulse                 text10       04DF
_keyin_char              bssBANK0     0020
_lcd_clr                 text8        0489
_lcd_goto                text7        049B
_main                    maintext     06FC
_password_count          bssCOMMON    007C
_scanrow1                text5        0541
_scanrow2                text4        05E0
_scanrow3                text3        066E
_scanrow4                text2        0598
_send_char               text6        04C8
_send_config             text9        04B1
_send_string             text1        04FE
_stalled_char            dataBANK0    0026
btemp                    (abs)        007E
delay@data               cstackCOMMON 0070
end_of_initialization    cinit        07FC
intlevel0                functab      0000
intlevel1                functab      0000
intlevel2                functab      0000
intlevel3                functab      0000
intlevel4                functab      0000
intlevel5                functab      0000
lcd_goto@data            cstackCOMMON 007A
ltemp                    (abs)        007E
ltemp0                   (abs)        007E
ltemp1                   (abs)        0082
ltemp2                   (abs)        0086
ltemp3                   (abs)        0080
reset_vec                reset_vec    0000
send_char@data           cstackCOMMON 0078
send_config@data         cstackCOMMON 0078
send_string@i            cstackCOMMON 007A
send_string@s            cstackCOMMON 007B
stackhi                  (abs)        0000
stacklo                  (abs)        0000
start                    init         0000
start_initialization     cinit        07D3
ttemp                    (abs)        007E
ttemp0                   (abs)        007E
ttemp1                   (abs)        0081
ttemp2                   (abs)        0084
ttemp3                   (abs)        0087
ttemp4                   (abs)        007F
wtemp                    (abs)        007E
wtemp0                   (abs)        007E
wtemp1                   (abs)        0080
wtemp2                   (abs)        0082
wtemp3                   (abs)        0084
wtemp4                   (abs)        0086
wtemp5                   (abs)        0088
wtemp6                   (abs)        007F


FUNCTION INFORMATION:

 *************** function _main *****************
 Defined at:
		line 80 in file "../../Source file/PR9A.c"
 Parameters:    Size  Location     Type
		None
 Auto vars:     Size  Location     Type
		None
 Return value:  Size  Location     Type
		None               void
 Registers used:
		wreg, fsr0l, fsr0h, status,2, status,0, pclath, cstack
 Tracked objects:
		On entry : 
		On exit  : 
		Unchanged: 
 Data sizes:     COMMON   BANK0   BANK1   BANK3   BANK2
      Params:         0       0       0       0       0
      Locals:         0       0       0       0       0
      Temps:          0       0       0       0       0
      Totals:         0       0       0       0       0
Total ram usage:        0 bytes
 Hardware stack levels required when called:    5
 This function calls:
		_beep_once
		_beep_twice
		_clearcolumn1
		_clearcolumn2
		_clearcolumn3
		_clearcolumn4
		_delay
		_lcd_clr
		_lcd_goto
		_scanrow1
		_scanrow2
		_scanrow3
		_scanrow4
		_send_config
		_send_string
 This function is called by:
		Startup code after reset
 This function uses a non-reentrant model


 *************** function _send_string *****************
 Defined at:
		line 374 in file "../../Source file/PR9A.c"
 Parameters:    Size  Location     Type
  s               1    wreg     PTR const unsigned char 
		 -> STR_4(7), STR_3(9), STR_2(17), STR_1(13), 
 Auto vars:     Size  Location     Type
  s               1   11[COMMON] PTR const unsigned char 
		 -> STR_4(7), STR_3(9), STR_2(17), STR_1(13), 
  i               1   10[COMMON] unsigned char 
 Return value:  Size  Location     Type
		None               void
 Registers used:
		wreg, fsr0l, fsr0h, status,2, status,0, pclath, cstack
 Tracked objects:
		On entry : 
		On exit  : 
		Unchanged: 
 Data sizes:     COMMON   BANK0   BANK1   BANK3   BANK2
      Params:         0       0       0       0       0
      Locals:         2       0       0       0       0
      Temps:          1       0       0       0       0
      Totals:         3       0       0       0       0
Total ram usage:        3 bytes
 Hardware stack levels used:    1
 Hardware stack levels required when called:    3
 This function calls:
		_send_char
 This function is called by:
		_main
 This function uses a non-reentrant model


 *************** function _scanrow4 *****************
 Defined at:
		line 278 in file "../../Source file/PR9A.c"
 Parameters:    Size  Location     Type
		None
 Auto vars:     Size  Location     Type
		None
 Return value:  Size  Location     Type
		None               void
 Registers used:
		wreg, fsr0l, fsr0h, status,2, status,0, pclath, cstack
 Tracked objects:
		On entry : 
		On exit  : 
		Unchanged: 
 Data sizes:     COMMON   BANK0   BANK1   BANK3   BANK2
      Params:         0       0       0       0       0
      Locals:         0       0       0       0       0
      Temps:          1       0       0       0       0
      Totals:         1       0       0       0       0
Total ram usage:        1 bytes
 Hardware stack levels used:    1
 Hardware stack levels required when called:    4
 This function calls:
		_lcd_clr
		_lcd_goto
		_send_char
 This function is called by:
		_main
 This function uses a non-reentrant model


 *************** function _scanrow3 *****************
 Defined at:
		line 238 in file "../../Source file/PR9A.c"
 Parameters:    Size  Location     Type
		None
 Auto vars:     Size  Location     Type
		None
 Return value:  Size  Location     Type
		None               void
 Registers used:
		wreg, fsr0l, fsr0h, status,2, status,0, pclath, cstack
 Tracked objects:
		On entry : 
		On exit  : 
		Unchanged: 
 Data sizes:     COMMON   BANK0   BANK1   BANK3   BANK2
      Params:         0       0       0       0       0
      Locals:         0       0       0       0       0
      Temps:          1       0       0       0       0
      Totals:         1       0       0       0       0
Total ram usage:        1 bytes
 Hardware stack levels used:    1
 Hardware stack levels required when called:    4
 This function calls:
		_lcd_clr
		_lcd_goto
		_send_char
 This function is called by:
		_main
 This function uses a non-reentrant model


 *************** function _scanrow2 *****************
 Defined at:
		line 198 in file "../../Source file/PR9A.c"
 Parameters:    Size  Location     Type
		None
 Auto vars:     Size  Location     Type
		None
 Return value:  Size  Location     Type
		None               void
 Registers used:
		wreg, fsr0l, fsr0h, status,2, status,0, pclath, cstack
 Tracked objects:
		On entry : 
		On exit  : 
		Unchanged: 
 Data sizes:     COMMON   BANK0   BANK1   BANK3   BANK2
      Params:         0       0       0       0       0
      Locals:         0       0       0       0       0
      Temps:          1       0       0       0       0
      Totals:         1       0       0       0       0
Total ram usage:        1 bytes
 Hardware stack levels used:    1
 Hardware stack levels required when called:    4
 This function calls:
		_lcd_clr
		_lcd_goto
		_send_char
 This function is called by:
		_main
 This function uses a non-reentrant model


 *************** function _scanrow1 *****************
 Defined at:
		line 184 in file "../../Source file/PR9A.c"
 Parameters:    Size  Location     Type
		None
 Auto vars:     Size  Location     Type
		None
 Return value:  Size  Location     Type
		None               void
 Registers used:
		wreg, fsr0l, fsr0h, status,2, status,0, pclath, cstack
 Tracked objects:
		On entry : 
		On exit  : 
		Unchanged: 
 Data sizes:     COMMON   BANK0   BANK1   BANK3   BANK2
      Params:         0       0       0       0       0
      Locals:         0       0       0       0       0
      Temps:          1       0       0       0       0
      Totals:         1       0       0       0       0
Total ram usage:        1 bytes
 Hardware stack levels used:    1
 Hardware stack levels required when called:    4
 This function calls:
		_lcd_clr
		_lcd_goto
		_send_char
 This function is called by:
		_main
 This function uses a non-reentrant model


 *************** function _send_char *****************
 Defined at:
		line 339 in file "../../Source file/PR9A.c"
 Parameters:    Size  Location     Type
  data            1    wreg     unsigned char 
 Auto vars:     Size  Location     Type
  data            1    8[COMMON] unsigned char 
 Return value:  Size  Location     Type
		None               void
 Registers used:
		wreg, status,2, status,0, pclath, cstack
 Tracked objects:
		On entry : 
		On exit  : 
		Unchanged: 
 Data sizes:     COMMON   BANK0   BANK1   BANK3   BANK2
      Params:         0       0       0       0       0
      Locals:         1       0       0       0       0
      Temps:          0       0       0       0       0
      Totals:         1       0       0       0       0
Total ram usage:        1 bytes
 Hardware stack levels used:    1
 Hardware stack levels required when called:    2
 This function calls:
		_delay
		_e_pulse
 This function is called by:
		_scanrow1
		_scanrow2
		_scanrow3
		_scanrow4
		_send_string
 This function uses a non-reentrant model


 *************** function _lcd_goto *****************
 Defined at:
		line 355 in file "../../Source file/PR9A.c"
 Parameters:    Size  Location     Type
  data            1    wreg     unsigned char 
 Auto vars:     Size  Location     Type
  data            1   10[COMMON] unsigned char 
 Return value:  Size  Location     Type
		None               void
 Registers used:
		wreg, status,2, status,0, pclath, cstack
 Tracked objects:
		On entry : 
		On exit  : 
		Unchanged: 
 Data sizes:     COMMON   BANK0   BANK1   BANK3   BANK2
      Params:         0       0       0       0       0
      Locals:         1       0       0       0       0
      Temps:          1       0       0       0       0
      Totals:         2       0       0       0       0
Total ram usage:        2 bytes
 Hardware stack levels used:    1
 Hardware stack levels required when called:    3
 This function calls:
		_send_config
 This function is called by:
		_main
		_scanrow1
		_scanrow2
		_scanrow3
		_scanrow4
 This function uses a non-reentrant model


 *************** function _lcd_clr *****************
 Defined at:
		line 368 in file "../../Source file/PR9A.c"
 Parameters:    Size  Location     Type
		None
 Auto vars:     Size  Location     Type
		None
 Return value:  Size  Location     Type
		None               void
 Registers used:
		wreg, status,2, status,0, pclath, cstack
 Tracked objects:
		On entry : 
		On exit  : 
		Unchanged: 
 Data sizes:     COMMON   BANK0   BANK1   BANK3   BANK2
      Params:         0       0       0       0       0
      Locals:         0       0       0       0       0
      Temps:          0       0       0       0       0
      Totals:         0       0       0       0       0
Total ram usage:        0 bytes
 Hardware stack levels used:    1
 Hardware stack levels required when called:    3
 This function calls:
		_delay
		_send_config
 This function is called by:
		_main
		_scanrow1
		_scanrow2
		_scanrow3
		_scanrow4
 This function uses a non-reentrant model


 *************** function _send_config *****************
 Defined at:
		line 331 in file "../../Source file/PR9A.c"
 Parameters:    Size  Location     Type
  data            1    wreg     unsigned char 
 Auto vars:     Size  Location     Type
  data            1    8[COMMON] unsigned char 
 Return value:  Size  Location     Type
		None               void
 Registers used:
		wreg, status,2, status,0, pclath, cstack
 Tracked objects:
		On entry : 
		On exit  : 
		Unchanged: 
 Data sizes:     COMMON   BANK0   BANK1   BANK3   BANK2
      Params:         0       0       0       0       0
      Locals:         1       0       0       0       0
      Temps:          0       0       0       0       0
      Totals:         1       0       0       0       0
Total ram usage:        1 bytes
 Hardware stack levels used:    1
 Hardware stack levels required when called:    2
 This function calls:
		_delay
		_e_pulse
 This function is called by:
		_main
		_lcd_goto
		_lcd_clr
 This function uses a non-reentrant model


 *************** function _e_pulse *****************
 Defined at:
		line 347 in file "../../Source file/PR9A.c"
 Parameters:    Size  Location     Type
		None
 Auto vars:     Size  Location     Type
		None
 Return value:  Size  Location     Type
		None               void
 Registers used:
		wreg, status,2, status,0, pclath, cstack
 Tracked objects:
		On entry : 
		On exit  : 
		Unchanged: 
 Data sizes:     COMMON   BANK0   BANK1   BANK3   BANK2
      Params:         0       0       0       0       0
      Locals:         0       0       0       0       0
      Temps:          0       0       0       0       0
      Totals:         0       0       0       0       0
Total ram usage:        0 bytes
 Hardware stack levels used:    1
 Hardware stack levels required when called:    1
 This function calls:
		_delay
 This function is called by:
		_send_config
		_send_char
 This function uses a non-reentrant model


 *************** function _clearcolumn4 *****************
 Defined at:
		line 176 in file "../../Source file/PR9A.c"
 Parameters:    Size  Location     Type
		None
 Auto vars:     Size  Location     Type
		None
 Return value:  Size  Location     Type
		None               void
 Registers used:
		None
 Tracked objects:
		On entry : 
		On exit  : 
		Unchanged: 
 Data sizes:     COMMON   BANK0   BANK1   BANK3   BANK2
      Params:         0       0       0       0       0
      Locals:         0       0       0       0       0
      Temps:          0       0       0       0       0
      Totals:         0       0       0       0       0
Total ram usage:        0 bytes
 Hardware stack levels used:    1
 This function calls:
		Nothing
 This function is called by:
		_main
 This function uses a non-reentrant model


 *************** function _clearcolumn3 *****************
 Defined at:
		line 168 in file "../../Source file/PR9A.c"
 Parameters:    Size  Location     Type
		None
 Auto vars:     Size  Location     Type
		None
 Return value:  Size  Location     Type
		None               void
 Registers used:
		None
 Tracked objects:
		On entry : 
		On exit  : 
		Unchanged: 
 Data sizes:     COMMON   BANK0   BANK1   BANK3   BANK2
      Params:         0       0       0       0       0
      Locals:         0       0       0       0       0
      Temps:          0       0       0       0       0
      Totals:         0       0       0       0       0
Total ram usage:        0 bytes
 Hardware stack levels used:    1
 This function calls:
		Nothing
 This function is called by:
		_main
 This function uses a non-reentrant model


 *************** function _clearcolumn2 *****************
 Defined at:
		line 160 in file "../../Source file/PR9A.c"
 Parameters:    Size  Location     Type
		None
 Auto vars:     Size  Location     Type
		None
 Return value:  Size  Location     Type
		None               void
 Registers used:
		None
 Tracked objects:
		On entry : 
		On exit  : 
		Unchanged: 
 Data sizes:     COMMON   BANK0   BANK1   BANK3   BANK2
      Params:         0       0       0       0       0
      Locals:         0       0       0       0       0
      Temps:          0       0       0       0       0
      Totals:         0       0       0       0       0
Total ram usage:        0 bytes
 Hardware stack levels used:    1
 This function calls:
		Nothing
 This function is called by:
		_main
 This function uses a non-reentrant model


 *************** function _clearcolumn1 *****************
 Defined at:
		line 152 in file "../../Source file/PR9A.c"
 Parameters:    Size  Location     Type
		None
 Auto vars:     Size  Location     Type
		None
 Return value:  Size  Location     Type
		None               void
 Registers used:
		None
 Tracked objects:
		On entry : 
		On exit  : 
		Unchanged: 
 Data sizes:     COMMON   BANK0   BANK1   BANK3   BANK2
      Params:         0       0       0       0       0
      Locals:         0       0       0       0       0
      Temps:          0       0       0       0       0
      Totals:         0       0       0       0       0
Total ram usage:        0 bytes
 Hardware stack levels used:    1
 This function calls:
		Nothing
 This function is called by:
		_main
 This function uses a non-reentrant model


 *************** function _beep_twice *****************
 Defined at:
		line 317 in file "../../Source file/PR9A.c"
 Parameters:    Size  Location     Type
		None
 Auto vars:     Size  Location     Type
		None
 Return value:  Size  Location     Type
		None               void
 Registers used:
		wreg, status,2, status,0, pclath, cstack
 Tracked objects:
		On entry : 
		On exit  : 
		Unchanged: 
 Data sizes:     COMMON   BANK0   BANK1   BANK3   BANK2
      Params:         0       0       0       0       0
      Locals:         0       0       0       0       0
      Temps:          0       0       0       0       0
      Totals:         0       0       0       0       0
Total ram usage:        0 bytes
 Hardware stack levels used:    1
 Hardware stack levels required when called:    1
 This function calls:
		_delay
 This function is called by:
		_main
 This function uses a non-reentrant model


 *************** function _beep_once *****************
 Defined at:
		line 310 in file "../../Source file/PR9A.c"
 Parameters:    Size  Location     Type
		None
 Auto vars:     Size  Location     Type
		None
 Return value:  Size  Location     Type
		None               void
 Registers used:
		wreg, status,2, status,0, pclath, cstack
 Tracked objects:
		On entry : 
		On exit  : 
		Unchanged: 
 Data sizes:     COMMON   BANK0   BANK1   BANK3   BANK2
      Params:         0       0       0       0       0
      Locals:         0       0       0       0       0
      Temps:          0       0       0       0       0
      Totals:         0       0       0       0       0
Total ram usage:        0 bytes
 Hardware stack levels used:    1
 Hardware stack levels required when called:    1
 This function calls:
		_delay
 This function is called by:
		_main
 This function uses a non-reentrant model


 *************** function _delay *****************
 Defined at:
		line 305 in file "../../Source file/PR9A.c"
 Parameters:    Size  Location     Type
  data            4    0[COMMON] unsigned long 
 Auto vars:     Size  Location     Type
		None
 Return value:  Size  Location     Type
		None               void
 Registers used:
		wreg
 Tracked objects:
		On entry : 
		On exit  : 
		Unchanged: 
 Data sizes:     COMMON   BANK0   BANK1   BANK3   BANK2
      Params:         4       0       0       0       0
      Locals:         0       0       0       0       0
      Temps:          4       0       0       0       0
      Totals:         8       0       0       0       0
Total ram usage:        8 bytes
 Hardware stack levels used:    1
 This function calls:
		Nothing
 This function is called by:
		_main
		_beep_once
		_beep_twice
		_send_config
		_send_char
		_e_pulse
		_lcd_clr
 This function uses a non-reentrant model



MODULE INFORMATION

Module		Function		Class		Link	Load	Size
../../Source file/PR9A.c
		_delay         		CODE           	051E	0000	36
		_clearcolumn1  		CODE           	045B	0000	8
		_clearcolumn2  		CODE           	0462	0000	8
		_clearcolumn3  		CODE           	0469	0000	8
		_clearcolumn4  		CODE           	0470	0000	8
		_main          		CODE           	06FC	0000	216
		_beep_twice    		CODE           	0566	0000	51
		_lcd_clr       		CODE           	0489	0000	19
		_beep_once     		CODE           	0477	0000	19
		_lcd_goto      		CODE           	049B	0000	23
		_send_string   		CODE           	04FE	0000	33
		_send_config   		CODE           	04B1	0000	24
		_e_pulse       		CODE           	04DF	0000	32
		_scanrow1      		CODE           	0541	0000	38
		_scanrow2      		CODE           	05E0	0000	143
		_scanrow3      		CODE           	066E	0000	143
		_scanrow4      		CODE           	0598	0000	73
		_send_char     		CODE           	04C8	0000	24

../../Source file/PR9A.c estimated size: 906

shared
		__stringtab    		STRING         	0003	0000	7
		__initializatio		CODE           	07D3	0000	42

shared estimated size: 49

